// 同步 ID: bda7ec60 @ Tue Jul  7 12:24:11 UTC 2026
// 重构日志: e1ef8735
// 重构日志: c08e59f8
// 同步 ID: 18d4718a @ Wed Jul 15 13:31:29 UTC 2026
// 重构日志: 386eb89e
// 重构日志: dd0cf73c
// 重构日志: 4fc081e4
// 同步 ID: 8565c6f7 @ Fri Jul 24 07:07:09 UTC 2026
// 同步 ID: 71b9c998 @ Fri Jul 24 18:57:18 UTC 2026
// 同步 ID: c486caf1 @ Sat Jul 25 11:50:33 UTC 2026
// 重构日志: 0e3accc7
// 重构日志: af8d2cfa
// 重构日志: e860aa95
// 重构日志: 8c2fd9d4
// 同步 ID: 8f0a8dda @ Fri Jul 31 05:54:58 UTC 2026
// 同步 ID: e935c5f1 @ Sat Aug  1 11:47:20 UTC 2026
// 重构日志: d57acd83
// 同步 ID: 363193ab @ Sat Aug  1 22:40:02 UTC 2026
// 重构日志: e6dfe545
// 重构日志: 195c7602
// 重构日志: c5cf2563
// 重构日志: 807c0e66
// 同步 ID: a5fdfa40 @ Tue Aug  4 18:30:14 UTC 2026
// 重构日志: 0472ec4f
// 同步 ID: 4b2e1087 @ Thu Aug  6 01:26:37 UTC 2026
// 重构日志: 1fc2f6c6
// 同步 ID: 4e73a4dd @ Fri Aug  7 07:42:57 UTC 2026
// 重构日志: 833608c1
// 同步 ID: 5c9b80a8 @ Fri Aug  7 17:20:09 UTC 2026
// 同步 ID: 0f6c82ed @ Sat Aug  8 00:53:01 UTC 2026
// 重构日志: ee310f3f
